
   WARN  Metadata found in doc-comment for method Tests\Unit\ConfidenceScoreServiceTask4Test::it_includes_template_fields_in_breakdown(). Metadata in doc-comments is deprecated and will no longer be supported in PHPUnit 12. Update your test code to use attributes instead.

   WARN  Metadata found in doc-comment for method Tests\Unit\ConfidenceScoreServiceTask4Test::it_sets_category_property_for_core_fields(). Metadata in doc-comments is deprecated and will no longer be supported in PHPUnit 12. Update your test code to use attributes instead.

   WARN  Metadata found in doc-comment for method Tests\Unit\ConfidenceScoreServiceTask4Test::it_sets_category_property_for_template_fields(). Metadata in doc-comments is deprecated and will no longer be supported in PHPUnit 12. Update your test code to use attributes instead.

   WARN  Metadata found in doc-comment for method Tests\Unit\ConfidenceScoreServiceTask4Test::it_includes_normalized_values_for_name_fields(). Metadata in doc-comments is deprecated and will no longer be supported in PHPUnit 12. Update your test code to use attributes instead.

   WARN  Metadata found in doc-comment for method Tests\Unit\ConfidenceScoreServiceTask4Test::it_only_includes_normalized_values_when_available(). Metadata in doc-comments is deprecated and will no longer be supported in PHPUnit 12. Update your test code to use attributes instead.

   WARN  Metadata found in doc-comment for method Tests\Unit\ConfidenceScoreServiceTask4Test::it_calculates_confidence_score_for_exact_match(). Metadata in doc-comments is deprecated and will no longer be supported in PHPUnit 12. Update your test code to use attributes instead.

   WARN  Metadata found in doc-comment for method Tests\Unit\ConfidenceScoreServiceTask4Test::it_calculates_confidence_score_for_fuzzy_match(). Metadata in doc-comments is deprecated and will no longer be supported in PHPUnit 12. Update your test code to use attributes instead.

   WARN  Metadata found in doc-comment for method Tests\Unit\ConfidenceScoreServiceTask4Test::it_returns_null_confidence_for_new_fields(). Metadata in doc-comments is deprecated and will no longer be supported in PHPUnit 12. Update your test code to use attributes instead.

   WARN  Metadata found in doc-comment for method Tests\Unit\ConfidenceScoreServiceTask4Test::it_maintains_backward_compatibility_with_fields_key(). Metadata in doc-comments is deprecated and will no longer be supported in PHPUnit 12. Update your test code to use attributes instead.

   WARN  Metadata found in doc-comment for method Tests\Unit\ConfidenceScoreServiceTask4Test::it_handles_different_field_types_for_confidence_calculation(). Metadata in doc-comments is deprecated and will no longer be supported in PHPUnit 12. Update your test code to use attributes instead.

   WARN  Metadata found in doc-comment for method Tests\Unit\ConfidenceScoreServiceTask4Test::it_returns_zero_confidence_for_non_string_mismatch(). Metadata in doc-comments is deprecated and will no longer be supported in PHPUnit 12. Update your test code to use attributes instead.

   WARN  Metadata found in doc-comment for method Tests\Unit\ConfidenceScoreServiceTask4Test::it_handles_missing_template_gracefully(). Metadata in doc-comments is deprecated and will no longer be supported in PHPUnit 12. Update your test code to use attributes instead.

   WARN  Metadata found in doc-comment for method Tests\Unit\ConfidenceScoreServiceTask4Test::it_includes_field_type_for_template_fields(). Metadata in doc-comments is deprecated and will no longer be supported in PHPUnit 12. Update your test code to use attributes instead.

   WARN  Metadata found in doc-comment for method Tests\Unit\DataMappingServiceTask42Test::it_returns_structured_array_with_core_and_dynamic_fields(). Metadata in doc-comments is deprecated and will no longer be supported in PHPUnit 12. Update your test code to use attributes instead.

   WARN  Metadata found in doc-comment for method Tests\Unit\DataMappingServiceTask42Test::it_maps_known_columns_to_core_fields(). Metadata in doc-comments is deprecated and will no longer be supported in PHPUnit 12. Update your test code to use attributes instead.

   WARN  Metadata found in doc-comment for method Tests\Unit\DataMappingServiceTask42Test::it_maps_unknown_columns_to_dynamic_fields(). Metadata in doc-comments is deprecated and will no longer be supported in PHPUnit 12. Update your test code to use attributes instead.

   WARN  Metadata found in doc-comment for method Tests\Unit\DataMappingServiceTask42Test::it_processes_compound_first_names_first(). Metadata in doc-comments is deprecated and will no longer be supported in PHPUnit 12. Update your test code to use attributes instead.

   WARN  Metadata found in doc-comment for method Tests\Unit\DataMappingServiceTask42Test::it_skips_empty_and_null_values_for_dynamic_fields(). Metadata in doc-comments is deprecated and will no longer be supported in PHPUnit 12. Update your test code to use attributes instead.

   WARN  Metadata found in doc-comment for method Tests\Unit\DataMappingServiceTask42Test::it_normalizes_dynamic_keys_to_snake_case(). Metadata in doc-comments is deprecated and will no longer be supported in PHPUnit 12. Update your test code to use attributes instead.

   WARN  Metadata found in doc-comment for method Tests\Unit\DataMappingServiceTask42Test::it_does_not_add_null_core_fields(). Metadata in doc-comments is deprecated and will no longer be supported in PHPUnit 12. Update your test code to use attributes instead.

   WARN  Metadata found in doc-comment for method Tests\Unit\DataMappingServiceTask61Test::it_returns_row_unchanged_when_no_template_provided(). Metadata in doc-comments is deprecated and will no longer be supported in PHPUnit 12. Update your test code to use attributes instead.

   WARN  Metadata found in doc-comment for method Tests\Unit\DataMappingServiceTask61Test::it_accepts_template_and_applies_mappings(). Metadata in doc-comments is deprecated and will no longer be supported in PHPUnit 12. Update your test code to use attributes instead.

   WARN  Metadata found in doc-comment for method Tests\Unit\DataMappingServiceTask61Test::it_remaps_all_columns_present_in_template(). Metadata in doc-comments is deprecated and will no longer be supported in PHPUnit 12. Update your test code to use attributes instead.

   WARN  Metadata found in doc-comment for method Tests\Unit\DataMappingServiceTask61Test::it_remaps_only_columns_that_exist_in_row(). Metadata in doc-comments is deprecated and will no longer be supported in PHPUnit 12. Update your test code to use attributes instead.

   WARN  Metadata found in doc-comment for method Tests\Unit\DataMappingServiceTask61Test::it_ignores_template_mappings_for_missing_columns(). Metadata in doc-comments is deprecated and will no longer be supported in PHPUnit 12. Update your test code to use attributes instead.

   WARN  Metadata found in doc-comment for method Tests\Unit\DataMappingServiceTask61Test::it_handles_empty_row_gracefully(). Metadata in doc-comments is deprecated and will no longer be supported in PHPUnit 12. Update your test code to use attributes instead.

   WARN  Metadata found in doc-comment for method Tests\Unit\DataMappingServiceTask61Test::it_handles_row_with_no_matching_columns(). Metadata in doc-comments is deprecated and will no longer be supported in PHPUnit 12. Update your test code to use attributes instead.

   WARN  Metadata found in doc-comment for method Tests\Unit\DataMappingServiceTask61Test::it_preserves_null_values_in_remapped_columns(). Metadata in doc-comments is deprecated and will no longer be supported in PHPUnit 12. Update your test code to use attributes instead.

   WARN  Metadata found in doc-comment for method Tests\Unit\DataMappingServiceTask61Test::it_preserves_empty_string_values_in_remapped_columns(). Metadata in doc-comments is deprecated and will no longer be supported in PHPUnit 12. Update your test code to use attributes instead.

   WARN  Metadata found in doc-comment for method Tests\Unit\DataMappingServiceTask61Test::it_works_with_mapUploadedData_after_template_application(). Metadata in doc-comments is deprecated and will no longer be supported in PHPUnit 12. Update your test code to use attributes instead.

   WARN  Metadata found in doc-comment for method Tests\Unit\DataMappingServiceTask62PropertyTest::test_preserves_template_field_values_and_data_types(). Metadata in doc-comments is deprecated and will no longer be supported in PHPUnit 12. Update your test code to use attributes instead.

   WARN  Metadata found in doc-comment for method Tests\Unit\DataMappingServiceTask62PropertyTest::test_handles_no_template_fields_gracefully(). Metadata in doc-comments is deprecated and will no longer be supported in PHPUnit 12. Update your test code to use attributes instead.

   WARN  Metadata found in doc-comment for method Tests\Unit\DataMappingServiceTask62PropertyTest::test_excludes_empty_template_field_values(). Metadata in doc-comments is deprecated and will no longer be supported in PHPUnit 12. Update your test code to use attributes instead.

   WARN  Metadata found in doc-comment for method Tests\Unit\DataMappingServiceTask62PropertyTest::test_preserves_zero_and_false_template_field_values(). Metadata in doc-comments is deprecated and will no longer be supported in PHPUnit 12. Update your test code to use attributes instead.

   WARN  Metadata found in doc-comment for method Tests\Unit\DataMappingServiceTask62Test::it_generates_mappings_for_core_fields(). Metadata in doc-comments is deprecated and will no longer be supported in PHPUnit 12. Update your test code to use attributes instead.

   WARN  Metadata found in doc-comment for method Tests\Unit\DataMappingServiceTask62Test::it_maps_various_column_name_variations(). Metadata in doc-comments is deprecated and will no longer be supported in PHPUnit 12. Update your test code to use attributes instead.

   WARN  Metadata found in doc-comment for method Tests\Unit\DataMappingServiceTask62Test::it_handles_all_core_field_types(). Metadata in doc-comments is deprecated and will no longer be supported in PHPUnit 12. Update your test code to use attributes instead.

   WARN  Metadata found in doc-comment for method Tests\Unit\DataMappingServiceTask62Test::it_handles_compound_first_name_fields(). Metadata in doc-comments is deprecated and will no longer be supported in PHPUnit 12. Update your test code to use attributes instead.

   WARN  Metadata found in doc-comment for method Tests\Unit\DataMappingServiceTask62Test::it_handles_first_name_without_second_name(). Metadata in doc-comments is deprecated and will no longer be supported in PHPUnit 12. Update your test code to use attributes instead.

   WARN  Metadata found in doc-comment for method Tests\Unit\DataMappingServiceTask62Test::it_handles_various_name_field_variations(). Metadata in doc-comments is deprecated and will no longer be supported in PHPUnit 12. Update your test code to use attributes instead.

   WARN  Metadata found in doc-comment for method Tests\Unit\DataMappingServiceTask62Test::it_returns_array_with_excel_column_to_system_field_format(). Metadata in doc-comments is deprecated and will no longer be supported in PHPUnit 12. Update your test code to use attributes instead.

   WARN  Metadata found in doc-comment for method Tests\Unit\DataMappingServiceTask62Test::it_generates_mappings_for_all_columns_in_sample_row(). Metadata in doc-comments is deprecated and will no longer be supported in PHPUnit 12. Update your test code to use attributes instead.

   WARN  Metadata found in doc-comment for method Tests\Unit\DataMappingServiceTask62Test::it_handles_empty_sample_row(). Metadata in doc-comments is deprecated and will no longer be supported in PHPUnit 12. Update your test code to use attributes instead.

   WARN  Metadata found in doc-comment for method Tests\Unit\DataMappingServiceTask62Test::it_preserves_original_excel_column_names_as_keys(). Metadata in doc-comments is deprecated and will no longer be supported in PHPUnit 12. Update your test code to use attributes instead.

   WARN  Metadata found in doc-comment for method Tests\Unit\DataMappingServiceTask62Test::it_generates_mappings_compatible_with_column_mapping_template(). Metadata in doc-comments is deprecated and will no longer be supported in PHPUnit 12. Update your test code to use attributes instead.

   WARN  Metadata found in doc-comment for method Tests\Unit\DataMappingServiceTask62Test::it_handles_null_values_in_sample_row(). Metadata in doc-comments is deprecated and will no longer be supported in PHPUnit 12. Update your test code to use attributes instead.

   WARN  Metadata found in doc-comment for method Tests\Unit\DataMappingServiceTask62Test::it_handles_empty_string_values_in_sample_row(). Metadata in doc-comments is deprecated and will no longer be supported in PHPUnit 12. Update your test code to use attributes instead.

   WARN  Metadata found in doc-comment for method Tests\Unit\DataMappingServiceTest::it_maps_surname_variations_to_last_name(). Metadata in doc-comments is deprecated and will no longer be supported in PHPUnit 12. Update your test code to use attributes instead.

   WARN  Metadata found in doc-comment for method Tests\Unit\DataMappingServiceTest::it_maps_firstname_variations_to_first_name(). Metadata in doc-comments is deprecated and will no longer be supported in PHPUnit 12. Update your test code to use attributes instead.

   WARN  Metadata found in doc-comment for method Tests\Unit\DataMappingServiceTest::it_maps_birthday_variations_to_birthday(). Metadata in doc-comments is deprecated and will no longer be supported in PHPUnit 12. Update your test code to use attributes instead.

   WARN  Metadata found in doc-comment for method Tests\Unit\DataMappingServiceTest::it_maps_gender_variations_to_gender(). Metadata in doc-comments is deprecated and will no longer be supported in PHPUnit 12. Update your test code to use attributes instead.

   WARN  Metadata found in doc-comment for method Tests\Unit\DataMappingServiceTest::it_maps_status_variations_to_status(). Metadata in doc-comments is deprecated and will no longer be supported in PHPUnit 12. Update your test code to use attributes instead.

   WARN  Metadata found in doc-comment for method Tests\Unit\DataMappingServiceTest::it_maps_address_variations_to_address(). Metadata in doc-comments is deprecated and will no longer be supported in PHPUnit 12. Update your test code to use attributes instead.

   WARN  Metadata found in doc-comment for method Tests\Unit\DataMappingServiceTest::it_maps_barangay_variations_to_barangay(). Metadata in doc-comments is deprecated and will no longer be supported in PHPUnit 12. Update your test code to use attributes instead.

   WARN  Metadata found in doc-comment for method Tests\Unit\DataMappingServiceTest::it_maps_uid_variations_to_uid(). Metadata in doc-comments is deprecated and will no longer be supported in PHPUnit 12. Update your test code to use attributes instead.

   WARN  Metadata found in doc-comment for method Tests\Unit\DataMappingServiceTest::it_maps_suffix_variations_to_suffix(). Metadata in doc-comments is deprecated and will no longer be supported in PHPUnit 12. Update your test code to use attributes instead.

   WARN  Metadata found in doc-comment for method Tests\Unit\DataMappingServiceTest::it_maps_multiple_core_fields_in_single_row(). Metadata in doc-comments is deprecated and will no longer be supported in PHPUnit 12. Update your test code to use attributes instead.

   WARN  Metadata found in doc-comment for method Tests\Unit\DataMappingServiceTest::it_maps_unknown_columns_to_dynamic_fields(). Metadata in doc-comments is deprecated and will no longer be supported in PHPUnit 12. Update your test code to use attributes instead.

   WARN  Metadata found in doc-comment for method Tests\Unit\DataMappingServiceTest::it_handles_row_with_only_dynamic_fields(). Metadata in doc-comments is deprecated and will no longer be supported in PHPUnit 12. Update your test code to use attributes instead.

   WARN  Metadata found in doc-comment for method Tests\Unit\DataMappingServiceTest::it_handles_row_with_only_core_fields(). Metadata in doc-comments is deprecated and will no longer be supported in PHPUnit 12. Update your test code to use attributes instead.

   WARN  Metadata found in doc-comment for method Tests\Unit\DataMappingServiceTest::it_handles_mixed_core_and_dynamic_fields(). Metadata in doc-comments is deprecated and will no longer be supported in PHPUnit 12. Update your test code to use attributes instead.

   WARN  Metadata found in doc-comment for method Tests\Unit\DataMappingServiceTest::it_excludes_empty_string_from_dynamic_fields(). Metadata in doc-comments is deprecated and will no longer be supported in PHPUnit 12. Update your test code to use attributes instead.

   WARN  Metadata found in doc-comment for method Tests\Unit\DataMappingServiceTest::it_excludes_null_from_dynamic_fields(). Metadata in doc-comments is deprecated and will no longer be supported in PHPUnit 12. Update your test code to use attributes instead.

   WARN  Metadata found in doc-comment for method Tests\Unit\DataMappingServiceTest::it_excludes_multiple_empty_values_from_dynamic_fields(). Metadata in doc-comments is deprecated and will no longer be supported in PHPUnit 12. Update your test code to use attributes instead.

   WARN  Metadata found in doc-comment for method Tests\Unit\DataMappingServiceTest::it_preserves_zero_and_false_values_in_dynamic_fields(). Metadata in doc-comments is deprecated and will no longer be supported in PHPUnit 12. Update your test code to use attributes instead.

   WARN  Metadata found in doc-comment for method Tests\Unit\DataMappingServiceTest::it_prioritizes_core_field_mapping_over_dynamic(). Metadata in doc-comments is deprecated and will no longer be supported in PHPUnit 12. Update your test code to use attributes instead.

   WARN  Metadata found in doc-comment for method Tests\Unit\DataMappingServiceTest::it_does_not_duplicate_core_fields_in_dynamic_fields(). Metadata in doc-comments is deprecated and will no longer be supported in PHPUnit 12. Update your test code to use attributes instead.

   WARN  Metadata found in doc-comment for method Tests\Unit\DataMappingServiceTest::it_handles_all_core_field_mappings_correctly(). Metadata in doc-comments is deprecated and will no longer be supported in PHPUnit 12. Update your test code to use attributes instead.

   WARN  Metadata found in doc-comment for method Tests\Unit\FileValidationServicePerformanceTest::column_validation_completes_quickly_for_typical_file(). Metadata in doc-comments is deprecated and will no longer be supported in PHPUnit 12. Update your test code to use attributes instead.

   WARN  Metadata found in doc-comment for method Tests\Unit\FileValidationServicePerformanceTest::column_validation_with_template_completes_quickly(). Metadata in doc-comments is deprecated and will no longer be supported in PHPUnit 12. Update your test code to use attributes instead.

   WARN  Metadata found in doc-comment for method Tests\Unit\FileValidationServicePerformanceTest::template_field_lookup_uses_indexed_query(). Metadata in doc-comments is deprecated and will no longer be supported in PHPUnit 12. Update your test code to use attributes instead.

   WARN  Metadata found in doc-comment for method Tests\Unit\FileValidationServicePerformanceTest::handles_moderately_large_file_efficiently(). Metadata in doc-comments is deprecated and will no longer be supported in PHPUnit 12. Update your test code to use attributes instead.

   WARN  Metadata found in doc-comment for method Tests\Unit\FileValidationServicePerformanceTest::column_validation_only_reads_headers_not_entire_file(). Metadata in doc-comments is deprecated and will no longer be supported in PHPUnit 12. Update your test code to use attributes instead.

   WARN  Metadata found in doc-comment for method Tests\Unit\FileValidationServicePerformanceTest::validation_with_multiple_columns_performs_well(). Metadata in doc-comments is deprecated and will no longer be supported in PHPUnit 12. Update your test code to use attributes instead.

   WARN  Metadata found in doc-comment for method Tests\Unit\FileValidationServicePerformanceTest::template_with_many_fields_validates_efficiently(). Metadata in doc-comments is deprecated and will no longer be supported in PHPUnit 12. Update your test code to use attributes instead.

   WARN  Metadata found in doc-comment for method Tests\Unit\FileValidationServicePerformanceTest::validation_memory_usage_remains_reasonable(). Metadata in doc-comments is deprecated and will no longer be supported in PHPUnit 12. Update your test code to use attributes instead.

   WARN  Metadata found in doc-comment for method Tests\Unit\FileValidationServicePerformanceTest::multiple_validations_perform_consistently(). Metadata in doc-comments is deprecated and will no longer be supported in PHPUnit 12. Update your test code to use attributes instead.

   WARN  Metadata found in doc-comment for method Tests\Unit\FileValidationServiceTask6Test::it_validates_file_with_valid_core_fields_only(). Metadata in doc-comments is deprecated and will no longer be supported in PHPUnit 12. Update your test code to use attributes instead.

   WARN  Metadata found in doc-comment for method Tests\Unit\FileValidationServiceTask6Test::it_detects_missing_required_first_name_column(). Metadata in doc-comments is deprecated and will no longer be supported in PHPUnit 12. Update your test code to use attributes instead.

   WARN  Metadata found in doc-comment for method Tests\Unit\FileValidationServiceTask6Test::it_detects_missing_required_last_name_column(). Metadata in doc-comments is deprecated and will no longer be supported in PHPUnit 12. Update your test code to use attributes instead.

   WARN  Metadata found in doc-comment for method Tests\Unit\FileValidationServiceTask6Test::it_detects_extra_columns_not_in_core_fields(). Metadata in doc-comments is deprecated and will no longer be supported in PHPUnit 12. Update your test code to use attributes instead.

   WARN  Metadata found in doc-comment for method Tests\Unit\FileValidationServiceTask6Test::it_accepts_various_first_name_variations(). Metadata in doc-comments is deprecated and will no longer be supported in PHPUnit 12. Update your test code to use attributes instead.

   WARN  Metadata found in doc-comment for method Tests\Unit\FileValidationServiceTask6Test::it_accepts_various_last_name_variations(). Metadata in doc-comments is deprecated and will no longer be supported in PHPUnit 12. Update your test code to use attributes instead.

   WARN  Metadata found in doc-comment for method Tests\Unit\FileValidationServiceTask6Test::it_accepts_optional_core_fields(). Metadata in doc-comments is deprecated and will no longer be supported in PHPUnit 12. Update your test code to use attributes instead.

   WARN  Metadata found in doc-comment for method Tests\Unit\FileValidationServiceTask6Test::it_validates_file_with_template_successfully(). Metadata in doc-comments is deprecated and will no longer be supported in PHPUnit 12. Update your test code to use attributes instead.

   WARN  Metadata found in doc-comment for method Tests\Unit\FileValidationServiceTask6Test::it_returns_structured_validation_result(). Metadata in doc-comments is deprecated and will no longer be supported in PHPUnit 12. Update your test code to use attributes instead.

   WARN  Metadata found in doc-comment for method Tests\Unit\FileValidationServiceTask6Test::it_handles_file_reading_errors_gracefully(). Metadata in doc-comments is deprecated and will no longer be supported in PHPUnit 12. Update your test code to use attributes instead.

   WARN  Metadata found in doc-comment for method Tests\Unit\FileValidationServiceTask6Test::it_accepts_all_birthday_field_variations(). Metadata in doc-comments is deprecated and will no longer be supported in PHPUnit 12. Update your test code to use attributes instead.

   WARN  Metadata found in doc-comment for method Tests\Unit\FileValidationServiceTask6Test::it_accepts_all_gender_field_variations(). Metadata in doc-comments is deprecated and will no longer be supported in PHPUnit 12. Update your test code to use attributes instead.

   WARN  Metadata found in doc-comment for method Tests\Unit\FileValidationServiceTask6Test::it_accepts_all_address_field_variations(). Metadata in doc-comments is deprecated and will no longer be supported in PHPUnit 12. Update your test code to use attributes instead.

   WARN  Metadata found in doc-comment for method Tests\Unit\FileValidationServiceTask6Test::it_reports_all_validation_errors_at_once(). Metadata in doc-comments is deprecated and will no longer be supported in PHPUnit 12. Update your test code to use attributes instead.

   WARN  Metadata found in doc-comment for method Tests\Unit\FileValidationServiceTask6Test::it_trims_whitespace_from_headers(). Metadata in doc-comments is deprecated and will no longer be supported in PHPUnit 12. Update your test code to use attributes instead.

   WARN  Metadata found in doc-comment for method Tests\Unit\FileValidationServiceTask6Test::it_ignores_empty_header_cells(). Metadata in doc-comments is deprecated and will no longer be supported in PHPUnit 12. Update your test code to use attributes instead.

   WARN  Metadata found in doc-comment for method Tests\Unit\MainSystemTemplateFieldPropertyTest::test_main_system_template_field_access(). Metadata in doc-comments is deprecated and will no longer be supported in PHPUnit 12. Update your test code to use attributes instead.

   WARN  Metadata found in doc-comment for method Tests\Unit\MainSystemTemplateFieldPropertyTest::test_main_system_all_template_fields_retrieval(). Metadata in doc-comments is deprecated and will no longer be supported in PHPUnit 12. Update your test code to use attributes instead.

   WARN  Metadata found in doc-comment for method Tests\Unit\MainSystemTemplateFieldPropertyTest::test_main_system_conflict_filtering(). Metadata in doc-comments is deprecated and will no longer be supported in PHPUnit 12. Update your test code to use attributes instead.

   WARN  Metadata found in doc-comment for method Tests\Unit\MatchAnalyticsServicePropertyTest::test_average_confidence_excludes_new_records(). Metadata in doc-comments is deprecated and will no longer be supported in PHPUnit 12. Update your test code to use attributes instead.

   WARN  Metadata found in doc-comment for method Tests\Unit\MatchAnalyticsServicePropertyTest::test_match_status_distribution_sums_to_100_percent(). Metadata in doc-comments is deprecated and will no longer be supported in PHPUnit 12. Update your test code to use attributes instead.

   WARN  Metadata found in doc-comment for method Tests\Unit\MatchAnalyticsServicePropertyTest::test_field_population_rate_calculation(). Metadata in doc-comments is deprecated and will no longer be supported in PHPUnit 12. Update your test code to use attributes instead.

   WARN  Metadata found in doc-comment for method Tests\Unit\MatchAnalyticsServicePropertyTest::test_quality_score_mapping_consistency(). Metadata in doc-comments is deprecated and will no longer be supported in PHPUnit 12. Update your test code to use attributes instead.

   WARN  Metadata found in doc-comment for method Tests\Unit\MatchAnalyticsServicePropertyTest::test_field_ranking_by_population_rate(). Metadata in doc-comments is deprecated and will no longer be supported in PHPUnit 12. Update your test code to use attributes instead.

   WARN  Metadata found in doc-comment for method Tests\Unit\RecordImportFieldBreakdownTest::it_saves_field_breakdown_for_new_records(). Metadata in doc-comments is deprecated and will no longer be supported in PHPUnit 12. Update your test code to use attributes instead.

   WARN  Metadata found in doc-comment for method Tests\Unit\RecordImportFieldBreakdownTest::it_saves_field_breakdown_for_matched_records(). Metadata in doc-comments is deprecated and will no longer be supported in PHPUnit 12. Update your test code to use attributes instead.

   WARN  Metadata found in doc-comment for method Tests\Unit\RecordImportFieldBreakdownTest::field_breakdown_contains_field_details(). Metadata in doc-comments is deprecated and will no longer be supported in PHPUnit 12. Update your test code to use attributes instead.

   WARN  Metadata found in doc-comment for method Tests\Unit\RecordImportNoTemplateTest::it_processes_records_without_template(). Metadata in doc-comments is deprecated and will no longer be supported in PHPUnit 12. Update your test code to use attributes instead.

   WARN  Metadata found in doc-comment for method Tests\Unit\RecordImportNoTemplateTest::it_skips_validation_when_no_template(). Metadata in doc-comments is deprecated and will no longer be supported in PHPUnit 12. Update your test code to use attributes instead.

   WARN  Metadata found in doc-comment for method Tests\Unit\RecordImportNoTemplateTest::it_handles_missing_optional_core_fields_without_template(). Metadata in doc-comments is deprecated and will no longer be supported in PHPUnit 12. Update your test code to use attributes instead.

   WARN  Metadata found in doc-comment for method Tests\Unit\RecordImportRequiredFieldValidationTest::it_throws_error_when_required_custom_field_is_empty(). Metadata in doc-comments is deprecated and will no longer be supported in PHPUnit 12. Update your test code to use attributes instead.

   WARN  Metadata found in doc-comment for method Tests\Unit\RecordImportRequiredFieldValidationTest::it_throws_error_with_multiple_missing_required_fields(). Metadata in doc-comments is deprecated and will no longer be supported in PHPUnit 12. Update your test code to use attributes instead.

   WARN  Metadata found in doc-comment for method Tests\Unit\RecordImportRequiredFieldValidationTest::it_allows_empty_optional_custom_fields(). Metadata in doc-comments is deprecated and will no longer be supported in PHPUnit 12. Update your test code to use attributes instead.

   WARN  Metadata found in doc-comment for method Tests\Unit\RecordImportRequiredFieldValidationTest::it_includes_row_number_in_error_message(). Metadata in doc-comments is deprecated and will no longer be supported in PHPUnit 12. Update your test code to use attributes instead.

   WARN  Metadata found in doc-comment for method Tests\Unit\RecordImportRequiredFieldValidationTest::it_provides_descriptive_error_message(). Metadata in doc-comments is deprecated and will no longer be supported in PHPUnit 12. Update your test code to use attributes instead.

   WARN  Metadata found in doc-comment for method Tests\Unit\RecordImportRequiredFieldsComprehensiveTest::it_validates_only_required_fields_not_optional(). Metadata in doc-comments is deprecated and will no longer be supported in PHPUnit 12. Update your test code to use attributes instead.

   WARN  Metadata found in doc-comment for method Tests\Unit\RecordImportRequiredFieldsComprehensiveTest::it_validates_multiple_required_fields_independently(). Metadata in doc-comments is deprecated and will no longer be supported in PHPUnit 12. Update your test code to use attributes instead.

   WARN  Metadata found in doc-comment for method Tests\Unit\RecordImportRequiredFieldsComprehensiveTest::it_fails_when_one_of_multiple_required_fields_is_empty(). Metadata in doc-comments is deprecated and will no longer be supported in PHPUnit 12. Update your test code to use attributes instead.

   WARN  Metadata found in doc-comment for method Tests\Unit\RecordImportRequiredFieldsComprehensiveTest::it_provides_clear_error_when_multiple_required_fields_are_empty(). Metadata in doc-comments is deprecated and will no longer be supported in PHPUnit 12. Update your test code to use attributes instead.

   WARN  Metadata found in doc-comment for method Tests\Unit\RecordImportTask84Test::it_imports_records_with_core_fields_only(). Metadata in doc-comments is deprecated and will no longer be supported in PHPUnit 12. Update your test code to use attributes instead.

   WARN  Metadata found in doc-comment for method Tests\Unit\RecordImportTask84Test::it_creates_match_result_for_new_records(). Metadata in doc-comments is deprecated and will no longer be supported in PHPUnit 12. Update your test code to use attributes instead.

   WARN  Metadata found in doc-comment for method Tests\Unit\RecordImportTask84Test::it_handles_existing_record_matches_without_dynamic_updates(). Metadata in doc-comments is deprecated and will no longer be supported in PHPUnit 12. Update your test code to use attributes instead.

   WARN  Metadata found in doc-comment for method Tests\Unit\RecordImportTask84Test::it_generates_mapping_summary(). Metadata in doc-comments is deprecated and will no longer be supported in PHPUnit 12. Update your test code to use attributes instead.

   WARN  Metadata found in doc-comment for method Tests\Unit\RecordImportTask84Test::it_works_with_template_when_provided(). Metadata in doc-comments is deprecated and will no longer be supported in PHPUnit 12. Update your test code to use attributes instead.

   WARN  Metadata found in doc-comment for method Tests\Unit\RecordImportTask84Test::it_skips_rows_with_missing_required_fields(). Metadata in doc-comments is deprecated and will no longer be supported in PHPUnit 12. Update your test code to use attributes instead.

   WARN  Metadata found in doc-comment for method Tests\Unit\RecordImportTask84Test::it_handles_compound_first_names_correctly(). Metadata in doc-comments is deprecated and will no longer be supported in PHPUnit 12. Update your test code to use attributes instead.

   WARN  Metadata found in doc-comment for method Tests\Unit\RecordImportTask84Test::it_normalizes_field_values_correctly(). Metadata in doc-comments is deprecated and will no longer be supported in PHPUnit 12. Update your test code to use attributes instead.

   WARN  Metadata found in doc-comment for method Tests\Unit\RecordImportTask84Test::it_links_new_records_to_match_results(). Metadata in doc-comments is deprecated and will no longer be supported in PHPUnit 12. Update your test code to use attributes instead.

   WARN  Metadata found in doc-comment for method Tests\Unit\ResultsControllerTest::test_csv_escapes_special_characters_property(). Metadata in doc-comments is deprecated and will no longer be supported in PHPUnit 12. Update your test code to use attributes instead.

   WARN  Metadata found in doc-comment for method Tests\Unit\TemplateFieldPersistenceServicePropertyTest::test_new_record_creates_template_values(). Metadata in doc-comments is deprecated and will no longer be supported in PHPUnit 12. Update your test code to use attributes instead.

   WARN  Metadata found in doc-comment for method Tests\Unit\TemplateFieldPersistenceServicePropertyTest::test_template_field_type_validation(). Metadata in doc-comments is deprecated and will no longer be supported in PHPUnit 12. Update your test code to use attributes instead.

   WARN  Metadata found in doc-comment for method Tests\Unit\TemplateFieldPersistenceServicePropertyTest::test_matched_record_creates_new_values(). Metadata in doc-comments is deprecated and will no longer be supported in PHPUnit 12. Update your test code to use attributes instead.

   WARN  Metadata found in doc-comment for method Tests\Unit\TemplateFieldPersistenceServicePropertyTest::test_matched_record_updates_empty_values(). Metadata in doc-comments is deprecated and will no longer be supported in PHPUnit 12. Update your test code to use attributes instead.

   WARN  Metadata found in doc-comment for method Tests\Unit\TemplateFieldPersistenceServicePropertyTest::test_matched_record_preserves_history(). Metadata in doc-comments is deprecated and will no longer be supported in PHPUnit 12. Update your test code to use attributes instead.

   WARN  Metadata found in doc-comment for method Tests\Unit\TemplateFieldPersistenceServicePropertyTest::test_matched_record_idempotence(). Metadata in doc-comments is deprecated and will no longer be supported in PHPUnit 12. Update your test code to use attributes instead.

   WARN  Metadata found in doc-comment for method Tests\Unit\TemplateFieldPersistenceServicePropertyTest::test_possible_duplicate_flags_for_review(). Metadata in doc-comments is deprecated and will no longer be supported in PHPUnit 12. Update your test code to use attributes instead.

   WARN  Metadata found in doc-comment for method Tests\Unit\TemplateFieldPersistenceServicePropertyTest::test_possible_duplicate_links_conflicts(). Metadata in doc-comments is deprecated and will no longer be supported in PHPUnit 12. Update your test code to use attributes instead.

   WARN  Metadata found in doc-comment for method Tests\Unit\TemplateFieldPersistenceServicePropertyTest::test_persistence_service_transaction_atomicity(). Metadata in doc-comments is deprecated and will no longer be supported in PHPUnit 12. Update your test code to use attributes instead.

   WARN  Metadata found in doc-comment for method Tests\Unit\TemplateFieldPersistenceServicePropertyTest::test_bulk_insert_performance(). Metadata in doc-comments is deprecated and will no longer be supported in PHPUnit 12. Update your test code to use attributes instead.

   WARN  Metadata found in doc-comment for method Tests\Unit\TemplateFieldPersistenceServicePropertyTest::test_template_field_definition_caching(). Metadata in doc-comments is deprecated and will no longer be supported in PHPUnit 12. Update your test code to use attributes instead.

   WARN  Metadata found in doc-comment for method Tests\Unit\TemplateFieldValuePropertyTest::test_model_relationship_integrity(). Metadata in doc-comments is deprecated and will no longer be supported in PHPUnit 12. Update your test code to use attributes instead.

   WARN  Metadata found in doc-comment for method Tests\Unit\TemplateFieldValuePropertyTest::test_type_casting_correctness(). Metadata in doc-comments is deprecated and will no longer be supported in PHPUnit 12. Update your test code to use attributes instead.

   WARN  Metadata found in doc-comment for method Tests\Unit\TemplateFieldValuePropertyTest::test_conflict_detection(). Metadata in doc-comments is deprecated and will no longer be supported in PHPUnit 12. Update your test code to use attributes instead.

   WARN  Metadata found in doc-comment for method Tests\Unit\TemplateFieldValuePropertyTest::test_history_retrieval(). Metadata in doc-comments is deprecated and will no longer be supported in PHPUnit 12. Update your test code to use attributes instead.

   PASS  Tests\Unit\ColumnMappingTemplateTest
  ✓ template has fillable fields                                 0.87s  
  ✓ mappings are cast to array                                   0.04s  
  ✓ template belongs to user                                     0.04s  
  ✓ for user returns only user templates                         0.04s  
  ✓ apply to remaps columns correctly                            0.04s  
  ✓ apply to ignores missing columns                             0.04s  
  ✓ validate mappings returns true for valid structure           0.03s  
  ✓ validate mappings returns false for non array                0.04s  
  ✓ validate mappings returns false for non string values        0.03s  
  ✓ validation rules enforce unique name per user                0.10s  
  ✓ validation rules allow same name for different users         0.12s  
  ✓ validation rules exclude current template on update          0.04s  
  ✓ user has column mapping templates relationship               0.04s  
  ✓ template has fields relationship                             0.04s  
  ✓ get expected columns returns core columns only               0.04s  
  ✓ get expected columns includes template fields                0.05s  
  ✓ get expected columns with empty mappings                     0.04s  
  ✓ get expected columns with empty mappings but template field… 0.04s  
  ✓ get expected columns merges core and template correctly      0.04s  
  ✓ validate file columns passes with exact match                0.04s  
  ✓ validate file columns detects missing columns                0.04s  
  ✓ validate file columns detects extra columns                  0.03s  
  ✓ validate file columns is case insensitive                    0.04s  
  ✓ validate file columns with template fields                   0.04s  
  ✓ validate file columns detects missing template field         0.04s  
  ✓ validate file columns returns all errors                     0.04s  
  ✓ validate file columns with empty array                       0.04s  
  ✓ validate file columns returns correct structure              0.04s  

   PASS  Tests\Unit\ConfidenceScoreServiceTask4Test
  ✓ it includes template fields in breakdown                     0.16s  
  ✓ it sets category property for core fields                    0.07s  
  ✓ it sets category property for template fields                0.07s  
  ✓ it includes normalized values for name fields                0.04s  
  ✓ it only includes normalized values when available            0.03s  
  ✓ it calculates confidence score for exact match               0.04s  
  ✓ it calculates confidence score for fuzzy match               0.04s  
  ✓ it returns null confidence for new fields                    0.04s  
  ✓ it maintains backward compatibility with fields key          0.03s  
  ✓ it handles different field types for confidence calculation  0.05s  
  ✓ it returns zero confidence for non string mismatch           0.05s  
  ✓ it handles missing template gracefully                       0.06s  
  ✓ it includes field type for template fields                   0.07s  

   PASS  Tests\Unit\DataMappingServiceTask42Test
  ✓ it returns structured array with core and dynamic fields     0.12s  
  ✓ it maps known columns to core fields                         0.04s  
  ✓ it maps unknown columns to dynamic fields                    0.06s  
  ✓ it processes compound first names first                      0.05s  
  ✓ it skips empty and null values for dynamic fields            0.21s  
  ✓ it normalizes dynamic keys to snake case                     0.14s  
  ✓ it does not add null core fields                             0.05s  

   PASS  Tests\Unit\DataMappingServiceTask61Test
  ✓ it returns row unchanged when no template provided           0.06s  
  ✓ it accepts template and applies mappings                     0.05s  
  ✓ it remaps all columns present in template                    0.05s  
  ✓ it remaps only columns that exist in row                     0.06s  
  ✓ it ignores template mappings for missing columns             0.05s  
  ✓ it handles empty row gracefully                              0.04s  
  ✓ it handles row with no matching columns                      0.08s  
  ✓ it preserves null values in remapped columns                 0.07s  
  ✓ it preserves empty string values in remapped columns         0.07s  
  ✓ it works with map uploaded data after template application   0.06s  

   PASS  Tests\Unit\DataMappingServiceTask62PropertyTest
  ✓ preserves template field values and data types               0.69s  
  ✓ handles no template fields gracefully                        0.04s  
  ✓ excludes empty template field values                         0.05s  
  ✓ preserves zero and false template field values               0.05s  

   PASS  Tests\Unit\DataMappingServiceTask62Test
  ✓ it generates mappings for core fields                        0.06s  
  ✓ it maps various column name variations                       0.05s  
  ✓ it handles all core field types                              0.06s  
  ✓ it handles compound first name fields                        0.05s  
  ✓ it handles first name without second name                    0.05s  
  ✓ it handles various name field variations                     0.04s  
  ✓ it returns array with excel column to system field format    0.04s  
  ✓ it generates mappings for all columns in sample row          0.17s  
  ✓ it handles empty sample row                                  0.17s  
  ✓ it preserves original excel column names as keys             0.07s  
  ✓ it generates mappings compatible with column mapping templa… 0.06s  
  ✓ it handles null values in sample row                         0.04s  
  ✓ it handles empty string values in sample row                 0.05s  

   PASS  Tests\Unit\DataMappingServiceTest
  ✓ it maps surname variations to last name                      0.08s  
  ✓ it maps firstname variations to first name                   0.04s  
  ✓ it maps birthday variations to birthday                      0.04s  
  ✓ it maps gender variations to gender                          0.03s  
  ✓ it maps status variations to status                          0.05s  
  ✓ it maps address variations to address                        0.13s  
  ✓ it maps barangay variations to barangay                      0.06s  
  ✓ it maps uid variations to uid                                0.25s  
  ✓ it maps suffix variations to suffix                          0.16s  
  ✓ it maps multiple core fields in single row                   0.12s  
  ✓ it maps unknown columns to dynamic fields                    0.10s  
  ✓ it handles row with only dynamic fields                      0.10s  
  ✓ it handles row with only core fields                         0.18s  
  ✓ it handles mixed core and dynamic fields                     0.12s  
  ✓ it excludes empty string from dynamic fields                 0.07s  
  ✓ it excludes null from dynamic fields                         0.07s  
  ✓ it excludes multiple empty values from dynamic fields        0.06s  
  ✓ it preserves zero and false values in dynamic fields         0.13s  
  ✓ it prioritizes core field mapping over dynamic               0.12s  
  ✓ it does not duplicate core fields in dynamic fields          0.14s  
  ✓ it handles all core field mappings correctly                 0.10s  

   PASS  Tests\Unit\ExampleTest
  ✓ that true is true                                            0.17s  

   PASS  Tests\Unit\FileHashIndexTest
  ✓ file hash column exists                                      0.08s  
  ✓ file hash column has index                                   0.12s  
  ✓ stored file path column exists                               0.07s  
  ✓ file size column exists                                      0.07s  

   PASS  Tests\Unit\FileStorageMigrationTest
  ✓ migration adds columns and index                             0.05s  
  ✓ migration down removes columns and index                     0.06s  
  ✓ columns are nullable                                         0.08s  

   PASS  Tests\Unit\FileStorageSchemaTest
  ✓ file hash column exists                                      0.09s  
  ✓ stored file path column exists                               0.07s  
  ✓ file size column exists                                      0.06s  
  ✓ file hash has index                                          0.04s  
  ✓ column order is correct                                      0.05s  
  ✓ existing columns preserved                                   0.05s  

   FAIL  Tests\Unit\FileValidationServicePerformanceTest
  ✓ column validation completes quickly for typical file         0.34s  
  ✓ column validation with template completes quickly            0.24s  
  ✓ template field lookup uses indexed query                     0.10s  
  ✓ handles moderately large file efficiently                    0.74s  
  ⨯ column validation only reads headers not entire file         0.88s  
  ✓ validation with multiple columns performs well               0.24s  
  ✓ template with many fields validates efficiently              0.60s  
  ✓ validation memory usage remains reasonable                   0.96s  
  ✓ multiple validations perform consistently                    0.41s  

   PASS  Tests\Unit\FileValidationServiceTask6Test
  ✓ it validates file with valid core fields only                0.17s  
  ✓ it detects missing required first name column                0.15s  
  ✓ it detects missing required last name column                 0.10s  
  ✓ it detects extra columns not in core fields                  0.14s  
  ✓ it accepts various first name variations                     0.16s  
  ✓ it accepts various last name variations                      0.19s  
  ✓ it accepts optional core fields                              0.27s  
  ✓ it validates file with template successfully                 0.11s  
  ✓ it returns structured validation result                      0.07s  
  ✓ it handles file reading errors gracefully                    0.11s  
  ✓ it accepts all birthday field variations                     0.22s  
  ✓ it accepts all gender field variations                       0.17s  
  ✓ it accepts all address field variations                      0.48s  
  ✓ it reports all validation errors at once                     0.10s  
  ✓ it trims whitespace from headers                             0.09s  
  ✓ it ignores empty header cells                                0.15s  

   PASS  Tests\Unit\MainSystemTemplateFieldPropertyTest
  ✓ main system template field access                            3.35s  
  ✓ main system all template fields retrieval                    1.22s  
  ✓ main system conflict filtering                               1.19s  

   PASS  Tests\Unit\MatchAnalyticsServicePropertyTest
  ✓ average confidence excludes new records                      6.20s  
  ✓ match status distribution sums to 100 percent               21.77s  
  ✓ field population rate calculation                            8.75s  
  ✓ quality score mapping consistency                            0.03s  
  ✓ field ranking by population rate                             6.31s  

   PASS  Tests\Unit\RecordImportFieldBreakdownTest
  ✓ it saves field breakdown for new records                     0.05s  
  ✓ it saves field breakdown for matched records                 0.03s  
  ✓ field breakdown contains field details                       0.03s  

   PASS  Tests\Unit\RecordImportNoTemplateTest
  ✓ it processes records without template                        0.04s  
  ✓ it skips validation when no template                         0.03s  
  ✓ it handles missing optional core fields without template     0.04s  

   PASS  Tests\Unit\RecordImportRequiredFieldValidationTest
  ✓ it throws error when required custom field is empty          0.06s  
  ✓ it throws error with multiple missing required fields        0.03s  
  ✓ it allows empty optional custom fields                       0.04s  
  ✓ it includes row number in error message                      0.05s  
  ✓ it provides descriptive error message                        0.03s  

   PASS  Tests\Unit\RecordImportRequiredFieldsComprehensiveTest
  ✓ it validates only required fields not optional               0.05s  
  ✓ it validates multiple required fields independently          0.04s  
  ✓ it fails when one of multiple required fields is empty       0.03s  
  ✓ it provides clear error when multiple required fields are e… 0.03s  

   PASS  Tests\Unit\RecordImportTask84Test
  ✓ it imports records with core fields only                     0.04s  
  ✓ it creates match result for new records                      0.03s  
  ✓ it handles existing record matches without dynamic updates   0.04s  
  ✓ it generates mapping summary                                 0.04s  
  ✓ it works with template when provided                         0.04s  
  ✓ it skips rows with missing required fields                   0.03s  
  ✓ it handles compound first names correctly                    0.04s  
  ✓ it normalizes field values correctly                         0.04s  
  ✓ it links new records to match results                        0.04s  

   PASS  Tests\Unit\ResultsControllerTest
  ✓ get batch analytics returns correct json structure           0.07s  
  ✓ get batch analytics returns 404 for invalid batch            0.04s  
  ✓ get batch analytics handles database errors                  0.05s  
  ✓ get field breakdown returns correct data                     0.03s  
  ✓ get field breakdown returns 404 for non existent result      0.03s  
  ✓ get field breakdown returns 404 for empty breakdown          0.03s  
  ✓ export field breakdown generates valid csv                   0.03s  
  ✓ export field breakdown includes all columns                  0.03s  
  ✓ export field breakdown handles missing result                0.03s  
  ✓ export field breakdown handles empty breakdown               0.04s  
  ✓ csv escapes special characters property                      0.28s  

   PASS  Tests\Unit\TemplateFieldPersistenceServicePropertyTest
  ✓ new record creates template values                           0.34s  
  ✓ template field type validation                               0.22s  
  ✓ matched record creates new values                            0.19s  
  ✓ matched record updates empty values                          0.12s  
  ✓ matched record preserves history                             0.24s  
  ✓ matched record idempotence                                   0.36s  
  ✓ possible duplicate flags for review                          0.19s  
  ✓ possible duplicate links conflicts                           0.22s  
  ✓ persistence service transaction atomicity                    0.13s  
  ✓ bulk insert performance                                      1.21s  
  ✓ template field definition caching                            0.10s  

   PASS  Tests\Unit\TemplateFieldTest
  ✓ template field has fillable fields                           0.06s  
  ✓ is required is cast to boolean                               0.03s  
  ✓ template field belongs to template                           0.03s  
  ✓ validate value accepts valid string                          0.03s  
  ✓ validate value accepts valid integer                         0.04s  
  ✓ validate value rejects decimal for integer                   0.03s  
  ✓ validate value accepts valid decimal                         0.03s  
  ✓ validate value rejects non numeric decimal                   0.04s  
  ✓ validate value accepts valid date                            0.04s  
  ✓ validate value rejects invalid date                          0.04s  
  ✓ validate value accepts boolean true variations               0.04s  
  ✓ validate value accepts boolean false variations              0.04s  
  ✓ validate value rejects invalid boolean                       0.04s  
  ✓ validate value allows empty for optional field               0.04s  
  ✓ validate value rejects empty for required field              0.04s  
  ✓ validate value allows null for optional field                0.04s  
  ✓ is valid field name accepts lowercase                        0.03s  
  ✓ is valid field name accepts uppercase                        0.03s  
  ✓ is valid field name accepts mixed case                       0.03s  
  ✓ is valid field name accepts with underscores                 0.03s  
  ✓ is valid field name accepts with numbers                     0.03s  
  ✓ is valid field name rejects spaces                           0.03s  
  ✓ is valid field name rejects hyphens                          0.05s  
  ✓ is valid field name rejects special characters               0.03s  
  ✓ is valid field name rejects empty string                     0.03s  
  ✓ is valid field name accepts single character                 0.03s  
  ✓ is valid field name accepts very long names                  0.03s  
  ✓ is valid field name rejects unicode characters               0.03s  
  ✓ is valid field name rejects newlines and tabs                0.03s  
  ✓ template field cascade deletes with template                 0.03s  
  ✓ unique constraint on template id and field name              0.03s  
  ✓ same field name allowed for different templates              0.04s  
  ✓ validate value string accepts empty string for optional      0.03s  
  ✓ validate value string accepts special characters             0.03s  
  ✓ validate value string accepts numbers                        0.03s  
  ✓ validate value integer accepts zero                          0.03s  
  ✓ validate value integer accepts negative                      0.03s  
  ✓ validate value integer rejects non numeric                   0.03s  
  ✓ validate value decimal accepts integer                       0.06s  
  ✓ validate value decimal accepts zero                          0.03s  
  ✓ validate value decimal accepts negative                      0.03s  
  ✓ validate value date accepts various formats                  0.04s  
  ✓ validate value date accepts edge dates                       0.03s  
  ✓ validate value date rejects invalid dates                    0.03s  
  ✓ validate value boolean accepts with whitespace               0.03s  
  ✓ validate value boolean rejects partial matches               0.03s  
  ✓ validate value required field rejects null                   0.03s  
  ✓ validate value required integer rejects empty                0.03s  
  ✓ validate value required date rejects empty                   0.04s  
  ✓ validate value required boolean rejects empty                0.05s  
  ✓ validate value optional fields accept null for all types     0.05s  

   PASS  Tests\Unit\TemplateFieldValuePropertyTest
  ✓ model relationship integrity                                 1.22s  
  ✓ type casting correctness                                     0.47s  
  ✓ conflict detection                                           0.79s  
  ✓ history retrieval                                            1.40s  

   PASS  Tests\Unit\TemplateFieldValueTest
  ✓ template field value belongs to main system                  0.06s  
  ✓ template field value belongs to template field               0.05s  
  ✓ template field value belongs to batch                        0.08s  
  ✓ template field value belongs to conflicting value            0.05s  
  ✓ template field value batch relationship returns null when b… 0.05s  
  ✓ needs review is cast to boolean                              0.05s  
  ✓ needs review false is cast to boolean                        0.07s  
  ✓ created at is cast to datetime                               0.07s  
  ✓ updated at is cast to datetime                               0.09s  
  ✓ has conflict returns true when conflict with is set          0.08s  
  ✓ has conflict returns false when conflict with is null        0.09s  
  ✓ get history returns current value                            0.06s  
  ✓ get history returns previous value when set                  0.07s  
  ✓ get history does not include previous when null              0.06s  
  ✓ resolve conflict with keep existing deletes conflicting rec… 0.04s  
  ✓ resolve conflict with use new updates existing record        0.07s  
  ✓ resolve conflict with edit manually updates with custom val… 0.08s  
  ✓ resolve conflict with invalid resolution throws exception    0.06s  
  ✓ resolve conflict with edit manually without custom value th… 0.10s  
  ✓ resolve conflict with invalid custom value throws exception  0.08s  
  ✓ template field value has fillable fields                     0.07s  
  ✓ template field value table name is correct                   0.08s  

   PASS  Tests\Unit\TemplateFieldValuesMigrationTest
  ✓ migration creates table with all columns                     0.10s  
  ✓ foreign key constraints exist                                0.03s  
  ✓ unique constraint exists                                     0.03s  
  ✓ required indexes exist                                       0.03s  
  ✓ column types are correct                                     0.04s  
  ✓ migration is reversible                                      0.06s  
  ✓ needs review has correct default                             0.05s  

   WARN  Tests\Unit\UploadControllerTask121Test
  - upload returns column mapping summary for json request → Ex… 0.08s  
  ✓ column mapping identifies core fields                        0.05s  
  ✓ column mapping identifies dynamic fields                     0.04s  
  ✓ column mapping identifies skipped columns                    0.04s  
  ✓ complete upload flow with mapping summary                    0.07s  

   PASS  Tests\Unit\UploadControllerTask122Test
  ✓ results view displays column mapping section                 0.14s  
  ✓ core fields displayed with success badges                    0.07s  
  ✓ dynamic fields displayed with info badges                    0.05s  
  ✓ skipped columns displayed with secondary badges              0.06s  
  ✓ batch statistics displayed                                   0.07s  
  ✓ mapping section is collapsible                               0.05s  
  ✓ mapping section hidden without session data                  0.05s  
  ✓ complete mapping feedback display                            0.06s  

   PASS  Tests\Unit\UploadControllerTask91Test
  ✓ store accepts optional template id parameter                 0.12s  
  ✓ store works without template id                              0.08s  
  ✓ store validates template id must be integer                  0.05s  
  ✓ store validates template id exists                           0.04s  
  ✓ store rejects template from another user                     0.04s  
  ✓ store returns json error for unauthorized template api       0.04s  
  ✓ record import receives template                              0.07s  
  ✓ record import works without template                         0.07s  

   PASS  Tests\Feature\Auth\AuthenticationTest
  ✓ login screen can be rendered                                 0.05s  
  ✓ users can authenticate using the login screen                0.06s  
  ✓ users with two factor enabled are redirected to two factor…  0.04s  
  ✓ users can not authenticate with invalid password             0.04s  
  ✓ users can logout                                             0.05s  
  ✓ users are rate limited                                       0.05s  

   PASS  Tests\Feature\Auth\EmailVerificationTest
  ✓ email verification screen can be rendered                    0.05s  
  ✓ email can be verified                                        0.05s  
  ✓ email is not verified with invalid hash                      0.04s  
  ✓ email is not verified with invalid user id                   0.05s  
  ✓ verified user is redirected to dashboard from verification…  0.04s  
  ✓ already verified user visiting verification link is redirec… 0.05s  

   PASS  Tests\Feature\Auth\PasswordConfirmationTest
  ✓ confirm password screen can be rendered                      0.04s  
  ✓ password confirmation requires authentication                0.03s  

   PASS  Tests\Feature\Auth\PasswordResetTest
  ✓ reset password link screen can be rendered                   0.04s  
  ✓ reset password link can be requested                         0.27s  
  ✓ reset password screen can be rendered                        0.25s  
  ✓ password can be reset with valid token                       0.25s  
  ✓ password cannot be reset with invalid token                  0.24s  

   PASS  Tests\Feature\Auth\RegistrationTest
  ✓ registration screen can be rendered                          0.04s  
  ✓ new users can register                                       0.04s  

   PASS  Tests\Feature\Auth\TwoFactorChallengeTest
  ✓ two factor challenge redirects to login when not authentica… 0.04s  
  ✓ two factor challenge can be rendered                         0.04s  

   PASS  Tests\Feature\Auth\VerificationNotificationTest
  ✓ sends verification notification                              0.04s  
  ✓ does not send verification notification if email is verifie… 0.04s  

   PASS  Tests\Feature\ColumnMappingPersistenceTest
  ✓ column mapping is saved to batch                             0.04s  
  ✓ results view shows column mapping from batch                 0.05s  
  ✓ column mapping card is collapsed when not from upload        0.04s  
  ✓ column mapping card is expanded when from upload             0.06s  

   PASS  Tests\Feature\DashboardTest
  ✓ guests are redirected to the login page                      0.04s  
  ✓ authenticated users can visit the dashboard                  0.04s  

   PASS  Tests\Feature\ExampleTest
  ✓ returns a successful response                                0.03s  

   PASS  Tests\Feature\Settings\PasswordUpdateTest
  ✓ password update page is displayed                            0.04s  
  ✓ password can be updated                                      0.04s  
  ✓ correct password must be provided to update password         0.04s  

   PASS  Tests\Feature\Settings\ProfileUpdateTest
  ✓ profile page is displayed                                    0.05s  
  ✓ profile information can be updated                           0.04s  
  ✓ email verification status is unchanged when the email addre… 0.17s  
  ✓ user can delete their account                                0.11s  
  ✓ correct password must be provided to delete account          0.07s  

   PASS  Tests\Feature\Settings\TwoFactorAuthenticationTest
  ✓ two factor settings page can be rendered                     0.09s  
  ✓ two factor settings page requires password confirmation whe… 0.11s  
  ✓ two factor settings page does not requires password confirm… 0.10s  
  ✓ two factor settings page returns forbidden response when tw… 0.10s  

   PASS  Tests\Feature\TemplateControllerTest
  ✓ index returns user templates                                 0.09s  
  ✓ index requires authentication                                0.07s  
  ✓ store creates template                                       0.06s  
  ✓ store validates required fields                              0.07s  
  ✓ store enforces unique name per user                          0.07s  
  ✓ store allows same name for different users                   0.08s  
  ✓ show returns template details                                0.06s  
  ✓ show returns 404 for nonexistent template                    0.07s  
  ✓ show prevents access to other users templates                0.11s  
  ✓ update modifies template                                     0.05s  
  ✓ update returns 404 for nonexistent template                  0.07s  
  ✓ update prevents modifying other users templates              0.08s  
  ✓ update enforces unique name per user                         0.07s  
  ✓ destroy deletes template                                     0.06s  
  ✓ destroy returns 404 for nonexistent template                 0.06s  
  ✓ destroy prevents deleting other users templates              0.06s  
  ✓ store web creates template with custom fields                0.07s  
  ✓ store web validates field name uniqueness                    0.23s  
  ✓ store web validates field name format                        0.12s  
  ✓ store web validates field type                               0.05s  
  ✓ store web creates template without custom fields             0.04s  
  ✓ update web with new custom fields added                      0.05s  
  ✓ update web with existing custom fields modified              0.05s  
  ✓ update web with custom fields removed                        0.05s  
  ✓ update web removes all custom fields                         0.06s  
  ✓ update web validates field name uniqueness during update     0.06s  
  ✓ update web verifies field attributes are updated properly    0.05s  
  ✓ deleting template cascades to fields                         0.07s  
  ✓ database constraint prevents duplicate field names in same…  0.04s  
  ✓ same field name allowed in different templates               0.04s  
  ✓ web form handles duplicate field names gracefully            0.05s  
  ✓ api endpoint rejects duplicate field names                   0.06s  
  ✓ case sensitivity in field name uniqueness                    0.03s  
  ✓ update field name to existing name in same template fails    0.04s  
  ✓ store web rejects invalid field type                         0.04s  
  ✓ store web accepts all valid field types                      0.04s  
  ✓ store web rejects multiple invalid field types               0.04s  
  ✓ store web rejects mixed valid and invalid field types        0.04s  
  ✓ update web rejects invalid field type                        0.04s  
  ✓ update web accepts all valid field types                     0.04s  
  ✓ api endpoint rejects invalid field type                      0.05s  
  ✓ api endpoint accepts all valid field types                   0.06s  
  ✓ api endpoint update rejects invalid field type               0.05s  
  ✓ field type case sensitivity                                  0.04s  
  ✓ store web requires all required core fields                  0.04s  
  ✓ store web accepts all required core fields                   0.06s  
  ✓ update web requires all required core fields                 0.04s  
  ✓ update web accepts all required core fields                  0.04s  
  ✓ store web allows optional core fields to be removed          0.04s  

   PASS  Tests\Feature\TemplateFieldControllerTest
  ✓ index returns template fields                                0.11s  
  ✓ index returns 404 for nonexistent template                   0.04s  
  ✓ index denies access to other users template                  0.04s  
  ✓ store creates template field                                 0.04s  
  ✓ store validates field name format                            0.04s  
  ✓ store validates field type                                   0.04s  
  ✓ store prevents duplicate field names                         0.04s  
  ✓ store denies access to other users template                  0.06s  
  ✓ update modifies template field                               0.04s  
  ✓ update prevents duplicate field names                        0.04s  
  ✓ update returns 404 for nonexistent field                     0.04s  
  ✓ destroy deletes template field                               0.04s  
  ✓ destroy returns 404 for nonexistent field                    0.04s  
  ✓ destroy denies access to other users template                0.04s  
  ✓ requires authentication                                      0.05s  

   PASS  Tests\Feature\UploadTest
  ✓ upload page can be rendered                                  0.07s  
  ✓ file upload requires authentication                          0.03s  
  ✓ valid file can be uploaded                                   0.07s  
  ✓ upload validates file is required                            0.05s  
  ✓ upload validates file type                                   0.04s  
  ✓ upload validates file size                                   0.05s  

   PASS  Tests\Feature\UploadValidationTest
  ✓ upload without template accepts valid core fields            0.08s  
  ✓ upload without template rejects missing required field       0.06s  
  ✓ upload without template rejects extra columns                0.05s  
  ✓ upload without template with extra column fails validation   0.06s  
  ✓ upload with template validates against template columns      0.08s  
  ✓ upload with template rejects missing template field          0.07s  
  ✓ upload with template rejects extra columns not in template   0.05s  
  ✓ validation errors are logged                                 0.05s  
  ✓ validation info is passed to view                            0.07s  
  ✓ template not found returns error                             0.05s  
  ✓ user cannot use another users template                       0.06s  
  ✓ api upload returns json validation errors                    0.05s  
  ✓ template with fields relationship is loaded                  0.07s  
  ✓ upload with template valid data processes successfully       0.11s  
  ✓ upload with template with extra column fails validation      0.07s  
  ✓ upload with template type mismatch validates field types     0.10s  
  ✓ complete workflow create template add fields upload file     0.12s  
  ✓ error handling missing columns displays clear errors         0.06s  
  ✓ error handling extra columns displays clear errors           0.07s  
  ✓ error handling misnamed columns displays clear errors        0.05s  
  ✓ error handling template missing fields displays clear error… 0.06s  
  ✓ error handling template extra columns displays clear errors  0.05s  
  ✓ error handling returns all validation errors at once         0.06s  
  ✓ error handling without template validates core fields only   0.05s  
  ✓ error handling provides actionable error messages            0.05s  
  ✓ backward compatibility legacy template without custom field… 0.09s  
  ✓ backward compatibility legacy template rejects extra column… 0.06s  
  ✓ backward compatibility legacy template rejects missing colu… 0.05s  
  ────────────────────────────────────────────────────────────────────  
   FAILED  Tests\Unit\FileValidationServicePerformanceTest > column…    
  Validation time should not scale linearly with row count (100 rows: 34.649848937988ms, 500 rows: 200.35910606384ms)
Failed asserting that 200.35910606384277 is less than 173.2492446899414.

  at tests\Unit\FileValidationServicePerformanceTest.php:171
    167▕         $this->assertTrue($result2['valid']);
    168▕ 
    169▕         // Time difference should be minimal since we only read headers
    170▕         // Allow 10x difference for file I/O overhead (file size affects loading time)
  ➜ 171▕         $this->assertLessThan($time1 * 10, $time2, 
    172▕             "Validation time should not scale linearly with row count (100 rows: {$time1}ms, 500 rows: {$time2}ms)");
    173▕     }
    174▕ 
    175▕     /** @test */

  1   tests\Unit\FileValidationServicePerformanceTest.php:171


  Tests:    1 failed, 1 skipped, 434 passed (14646 assertions)
  Duration: 89.44s

